Text ->prefix<-
Var ->var<-
Var ->anothervar<-
Blank 1 chars
DblQuoted ->all one string<-
NL
DblQuoted ->;<-
Blank 1 chars
Text ->\;<-
Blank 1 chars
Semi
Blank 1 chars
DblQuoted ->|<-
Text ->\|<-
Pipe
NL
DblQuoted ->one string<-
Var ->split<-
DblQuoted -> another string<-
NL
