Text ->prefix<-
Var ->var<-
Blank 1 chars
Var ->afterspace<-
Semi
Var ->x<-
Semi
Text ->prefix<-
Var ->y<-
NL
Text ->prefix<-
Var ->var<-
Blank 1 chars
Var ->afterspace<-
Pipe
Var ->x<-
Pipe
Text ->prefix<-
Var ->y<-
NL
Text ->prefix\ <-
Var ->var<-
NL
