Line:testtest test data
NL:
Line:second line in the data
NL:
Line:another line without a trailing newline
